// Vitest Snapshot v1, https://vitest.dev/guide/snapshot.html

exports[`U7 — AC1: ten-functions fixture CFG snapshot > matches the committed CFG node/edge set 1`] = `
[
  {
    "blocks": 3,
    "edges": [
      "0->2:seq",
      "2->1:seq",
    ],
    "entry": 0,
    "exit": 1,
    "startLine": 9,
  },
  {
    "blocks": 6,
    "edges": [
      "0->2:seq",
      "2->3:cond-true",
      "2->4:cond-false",
      "3->5:seq",
      "4->5:seq",
      "5->1:seq",
    ],
    "entry": 0,
    "exit": 1,
    "startLine": 14,
  },
  {
    "blocks": 8,
    "edges": [
      "0->2:seq",
      "2->3:cond-true",
      "2->4:cond-false",
      "3->7:seq",
      "4->5:cond-true",
      "4->6:cond-false",
      "5->7:seq",
      "6->7:seq",
      "7->1:seq",
    ],
    "entry": 0,
    "exit": 1,
    "startLine": 23,
  },
  {
    "blocks": 6,
    "edges": [
      "0->2:seq",
      "2->3:cond-false",
      "2->4:cond-true",
      "3->5:seq",
      "4->2:loop-back",
      "5->1:seq",
    ],
    "entry": 0,
    "exit": 1,
    "startLine": 34,
  },
  {
    "blocks": 8,
    "edges": [
      "0->6:seq",
      "2->3:cond-false",
      "2->5:cond-true",
      "3->7:seq",
      "4->2:loop-back",
      "5->4:seq",
      "6->2:seq",
      "7->1:seq",
    ],
    "entry": 0,
    "exit": 1,
    "startLine": 41,
  },
  {
    "blocks": 6,
    "edges": [
      "0->2:seq",
      "2->3:cond-false",
      "2->4:cond-true",
      "3->5:seq",
      "4->2:loop-back",
      "5->1:seq",
    ],
    "entry": 0,
    "exit": 1,
    "startLine": 48,
  },
  {
    "blocks": 10,
    "edges": [
      "0->2:seq",
      "2->4:switch-case",
      "2->6:switch-case",
      "2->8:switch-case",
      "3->9:seq",
      "4->5:seq",
      "5->3:break",
      "6->7:seq",
      "7->3:break",
      "8->3:fallthrough",
      "9->1:seq",
    ],
    "entry": 0,
    "exit": 1,
    "startLine": 55,
  },
  {
    "blocks": 7,
    "edges": [
      "0->5:seq",
      "2->6:seq",
      "3->2:seq",
      "4->3:seq",
      "5->2:seq",
      "5->4:throw",
      "6->1:seq",
    ],
    "entry": 0,
    "exit": 1,
    "startLine": 69,
  },
  {
    "blocks": 5,
    "edges": [
      "0->2:seq",
      "2->3:cond-true",
      "2->4:seq",
      "3->1:return",
      "4->1:return",
    ],
    "entry": 0,
    "exit": 1,
    "startLine": 80,
  },
  {
    "blocks": 8,
    "edges": [
      "0->2:seq",
      "2->3:cond-false",
      "2->4:cond-true",
      "3->7:seq",
      "4->5:cond-true",
      "4->6:cond-false",
      "5->2:loop-back",
      "6->2:loop-back",
      "7->1:seq",
    ],
    "entry": 0,
    "exit": 1,
    "startLine": 87,
  },
  {
    "blocks": 8,
    "edges": [
      "0->2:seq",
      "2->4:seq",
      "3->1:finally-return",
      "3->1:throw",
      "3->7:seq",
      "4->3:throw",
      "4->5:cond-true",
      "4->6:seq",
      "5->3:return",
      "5->3:throw",
      "6->3:seq",
      "6->3:throw",
      "7->1:return",
    ],
    "entry": 0,
    "exit": 1,
    "startLine": 102,
  },
  {
    "blocks": 5,
    "edges": [
      "0->2:seq",
      "2->3:seq",
      "3->4:seq",
      "4->1:seq",
    ],
    "entry": 0,
    "exit": 1,
    "startLine": 115,
  },
]
`;
